
********************************************************************************
2026-09-21 16:56:10.477073
PractRand test 1/1 generator Lehmer64 with size = 128GB

using random number generator 'Lehmer64'
info: using 2 random hardware seed values
info: got   2 seed values: {0xb1a71bcb,0x3be63626}

note: stdout set to binary mode!
STREAMING on stdout using Lehmer64 (uniform distributed int64) ... 
RNG_test using PractRand version 0.94
RNG = RNG_stdin64, seed = {0xb1a71bcb,0x3be63626}
test set = core, folding = standard (64 bit)

rng=RNG_stdin64, seed={0xb1a71bcb,0x3be63626}
length= 256 megabytes (2^28 bytes), time= 3.0 seconds
  no anomalies in 210 test result(s)

rng=RNG_stdin64, seed={0xb1a71bcb,0x3be63626}
length= 512 megabytes (2^29 bytes), time= 6.1 seconds
  no anomalies in 226 test result(s)

rng=RNG_stdin64, seed={0xb1a71bcb,0x3be63626}
length= 1 gigabyte (2^30 bytes), time= 12.0 seconds
  no anomalies in 243 test result(s)

rng=RNG_stdin64, seed={0xb1a71bcb,0x3be63626}
length= 2 gigabytes (2^31 bytes), time= 23.0 seconds
  Test Name                         Raw       Processed     Evaluation
  [Low16/64]DC6-9x1Bytes-1          R=  -4.6  p =1-3.0e-3   unusual          
  ...and 260 test result(s) without anomalies

rng=RNG_stdin64, seed={0xb1a71bcb,0x3be63626}
length= 4 gigabytes (2^32 bytes), time= 44.4 seconds
  no anomalies in 277 test result(s)

rng=RNG_stdin64, seed={0xb1a71bcb,0x3be63626}
length= 8 gigabytes (2^33 bytes), time= 87.7 seconds
  no anomalies in 294 test result(s)

rng=RNG_stdin64, seed={0xb1a71bcb,0x3be63626}
length= 16 gigabytes (2^34 bytes), time= 175 seconds
  no anomalies in 310 test result(s)

rng=RNG_stdin64, seed={0xb1a71bcb,0x3be63626}
length= 32 gigabytes (2^35 bytes), time= 342 seconds
  no anomalies in 325 test result(s)

rng=RNG_stdin64, seed={0xb1a71bcb,0x3be63626}
length= 64 gigabytes (2^36 bytes), time= 691 seconds
  Test Name                         Raw       Processed     Evaluation
  TMFn(2+11):wl                     R= +62.9  p~=   8e-31     FAIL !!!       
  [Low16/64]TMFn(2+9):wl            R= +63.9  p~=   2e-31     FAIL !!!       
  [Low4/64]TMFn(2+7):wl             R= +62.3  p~=   1e-30     FAIL !!!       
  ...and 337 test result(s) without anomalies


********************************************************************************
2026-09-21 17:07:42.051380
PractRand test 1/1 generator Lehmer64 with size = 128GB
done in 691.0 seconds, result = FAIL!


********************************************************************************
2026-09-22 22:10:25.921376
PractRand test 1/1 generator Lehmer64 with size = 1TB

using random number generator 'Lehmer64'
info: using 2 random hardware seed values
info: got   2 seed values: {0xacaa96e9,0xf7aa2662}

note: stdout set to binary mode!
STREAMING on stdout using Lehmer64 (uniform distributed int64) ... 
RNG_test using PractRand version 0.94
RNG = RNG_stdin64, seed = {0xacaa96e9,0xf7aa2662}
test set = core, folding = standard (64 bit)

rng=RNG_stdin64, seed={0xacaa96e9,0xf7aa2662}
length= 256 megabytes (2^28 bytes), time= 2.5 seconds
  no anomalies in 210 test result(s)

rng=RNG_stdin64, seed={0xacaa96e9,0xf7aa2662}
length= 512 megabytes (2^29 bytes), time= 5.3 seconds
  no anomalies in 226 test result(s)

rng=RNG_stdin64, seed={0xacaa96e9,0xf7aa2662}
length= 1 gigabyte (2^30 bytes), time= 11.6 seconds
  no anomalies in 243 test result(s)

rng=RNG_stdin64, seed={0xacaa96e9,0xf7aa2662}
length= 2 gigabytes (2^31 bytes), time= 24.5 seconds
  no anomalies in 261 test result(s)

rng=RNG_stdin64, seed={0xacaa96e9,0xf7aa2662}
length= 4 gigabytes (2^32 bytes), time= 49.9 seconds
  no anomalies in 277 test result(s)

rng=RNG_stdin64, seed={0xacaa96e9,0xf7aa2662}
length= 8 gigabytes (2^33 bytes), time= 100 seconds
  no anomalies in 294 test result(s)

rng=RNG_stdin64, seed={0xacaa96e9,0xf7aa2662}
length= 16 gigabytes (2^34 bytes), time= 188 seconds
  no anomalies in 310 test result(s)

rng=RNG_stdin64, seed={0xacaa96e9,0xf7aa2662}
length= 32 gigabytes (2^35 bytes), time= 350 seconds
  no anomalies in 325 test result(s)

rng=RNG_stdin64, seed={0xacaa96e9,0xf7aa2662}
length= 64 gigabytes (2^36 bytes), time= 693 seconds
  Test Name                         Raw       Processed     Evaluation
  TMFn(2+11):wl                     R= +57.8  p~=   1e-27     FAIL !!        
  [Low16/64]TMFn(2+9):wl            R= +58.4  p~=   4e-28     FAIL !!        
  [Low4/64]TMFn(2+7):wl             R= +57.9  p~=   9e-28     FAIL !!        
  ...and 337 test result(s) without anomalies


********************************************************************************
2026-09-22 22:22:00.018016
PractRand test 1/1 generator Lehmer64 with size = 1TB
done in 694.0 seconds, result = FAIL!
