Sa 19 Sep 2026 18:03:55 CEST
repetition 1/1 Lehmer128:
command line: "../../molConv -tD -g Lehmer128 -s {29256,431,2566,28031}"
RNG_test using PractRand version 0.94
RNG = RNG_stdin64, seed = {29256,431,2566,28031}
test set = core, folding = standard (64 bit)

rng=RNG_stdin64, seed={29256,431,2566,28031}
length= 256 megabytes (2^28 bytes), time= 2.4 seconds
  no anomalies in 210 test result(s)

rng=RNG_stdin64, seed={29256,431,2566,28031}
length= 512 megabytes (2^29 bytes), time= 4.9 seconds
  no anomalies in 226 test result(s)

rng=RNG_stdin64, seed={29256,431,2566,28031}
length= 1 gigabyte (2^30 bytes), time= 9.3 seconds
  no anomalies in 243 test result(s)

rng=RNG_stdin64, seed={29256,431,2566,28031}
length= 2 gigabytes (2^31 bytes), time= 17.9 seconds
  no anomalies in 261 test result(s)

rng=RNG_stdin64, seed={29256,431,2566,28031}
length= 4 gigabytes (2^32 bytes), time= 34.4 seconds
  no anomalies in 277 test result(s)

rng=RNG_stdin64, seed={29256,431,2566,28031}
length= 8 gigabytes (2^33 bytes), time= 67.2 seconds
  no anomalies in 294 test result(s)

rng=RNG_stdin64, seed={29256,431,2566,28031}
length= 16 gigabytes (2^34 bytes), time= 132 seconds
  no anomalies in 310 test result(s)

rng=RNG_stdin64, seed={29256,431,2566,28031}
length= 32 gigabytes (2^35 bytes), time= 260 seconds
  no anomalies in 325 test result(s)

rng=RNG_stdin64, seed={29256,431,2566,28031}
length= 64 gigabytes (2^36 bytes), time= 524 seconds
  no anomalies in 340 test result(s)

rng=RNG_stdin64, seed={29256,431,2566,28031}
length= 128 gigabytes (2^37 bytes), time= 1061 seconds
  Test Name                         Raw       Processed     Evaluation
  [Low4/64]BCFN(2+0,13-0,T)         R=  +8.8  p =  3.2e-4   unusual          
  ...and 354 test result(s) without anomalies

Sa 19 Sep 2026 18:21:37 CEST

Sa 19 Sep 2026 19:31:48 CEST
repetition 1/1 Lehmer128:
command line: "../../molConv -tD -g Lehmer128 -s {499,18132,15401,5923}"
RNG_test using PractRand version 0.94
RNG = RNG_stdin64, seed = {499,18132,15401,5923}
test set = core, folding = standard (64 bit)

rng=RNG_stdin64, seed={499,18132,15401,5923}
length= 256 megabytes (2^28 bytes), time= 2.5 seconds
  no anomalies in 210 test result(s)

rng=RNG_stdin64, seed={499,18132,15401,5923}
length= 512 megabytes (2^29 bytes), time= 5.0 seconds
  no anomalies in 226 test result(s)

rng=RNG_stdin64, seed={499,18132,15401,5923}
length= 1 gigabyte (2^30 bytes), time= 9.7 seconds
  no anomalies in 243 test result(s)

rng=RNG_stdin64, seed={499,18132,15401,5923}
length= 2 gigabytes (2^31 bytes), time= 18.8 seconds
  no anomalies in 261 test result(s)

rng=RNG_stdin64, seed={499,18132,15401,5923}
length= 4 gigabytes (2^32 bytes), time= 35.8 seconds
  no anomalies in 277 test result(s)

rng=RNG_stdin64, seed={499,18132,15401,5923}
length= 8 gigabytes (2^33 bytes), time= 70.4 seconds
  no anomalies in 294 test result(s)

rng=RNG_stdin64, seed={499,18132,15401,5923}
length= 16 gigabytes (2^34 bytes), time= 137 seconds
  no anomalies in 310 test result(s)

rng=RNG_stdin64, seed={499,18132,15401,5923}
length= 32 gigabytes (2^35 bytes), time= 266 seconds
  Test Name                         Raw       Processed     Evaluation
  [Low16/64]Gap-16:A                R=  +5.4  p =  7.5e-4   unusual          
  ...and 324 test result(s) without anomalies

rng=RNG_stdin64, seed={499,18132,15401,5923}
length= 64 gigabytes (2^36 bytes), time= 534 seconds
  no anomalies in 340 test result(s)

rng=RNG_stdin64, seed={499,18132,15401,5923}
length= 128 gigabytes (2^37 bytes), time= 1064 seconds
  no anomalies in 355 test result(s)

Sa 19 Sep 2026 19:49:33 CEST

So 20 Sep 2026 01:37:18 CEST
repetition 1/1 Lehmer128:
command line: "../../molConv -tD -g Lehmer128 -s {14887,25491,7271,29604}"
RNG_test using PractRand version 0.94
RNG = RNG_stdin64, seed = {14887,25491,7271,29604}
test set = core, folding = standard (64 bit)

rng=RNG_stdin64, seed={14887,25491,7271,29604}
length= 512 megabytes (2^29 bytes), time= 3.5 seconds
  no anomalies in 226 test result(s)

rng=RNG_stdin64, seed={14887,25491,7271,29604}
length= 1 gigabyte (2^30 bytes), time= 7.1 seconds
  no anomalies in 243 test result(s)

rng=RNG_stdin64, seed={14887,25491,7271,29604}
length= 2 gigabytes (2^31 bytes), time= 13.8 seconds
  no anomalies in 261 test result(s)

rng=RNG_stdin64, seed={14887,25491,7271,29604}
length= 4 gigabytes (2^32 bytes), time= 27.0 seconds
  no anomalies in 277 test result(s)

rng=RNG_stdin64, seed={14887,25491,7271,29604}
length= 8 gigabytes (2^33 bytes), time= 53.5 seconds
  no anomalies in 294 test result(s)

rng=RNG_stdin64, seed={14887,25491,7271,29604}
length= 16 gigabytes (2^34 bytes), time= 106 seconds
  no anomalies in 310 test result(s)

rng=RNG_stdin64, seed={14887,25491,7271,29604}
length= 32 gigabytes (2^35 bytes), time= 208 seconds
  no anomalies in 325 test result(s)

rng=RNG_stdin64, seed={14887,25491,7271,29604}
length= 64 gigabytes (2^36 bytes), time= 421 seconds
  no anomalies in 340 test result(s)

rng=RNG_stdin64, seed={14887,25491,7271,29604}
length= 128 gigabytes (2^37 bytes), time= 841 seconds
  no anomalies in 355 test result(s)

rng=RNG_stdin64, seed={14887,25491,7271,29604}
length= 256 gigabytes (2^38 bytes), time= 1660 seconds
  no anomalies in 369 test result(s)

rng=RNG_stdin64, seed={14887,25491,7271,29604}
length= 512 gigabytes (2^39 bytes), time= 3358 seconds
  no anomalies in 383 test result(s)

rng=RNG_stdin64, seed={14887,25491,7271,29604}
length= 1 terabyte (2^40 bytes), time= 6725 seconds
  no anomalies in 397 test result(s)

So 20 Sep 2026 03:29:23 CEST

So 20 Sep 2026 06:38:04 CEST
repetition 1/3 Lehmer128:
command line: "../../molConv -tD -g Lehmer128 -s {6637,6646,22291,15900}"
RNG_test using PractRand version 0.94
RNG = RNG_stdin64, seed = {6637,6646,22291,15900}
test set = core, folding = standard (64 bit)

rng=RNG_stdin64, seed={6637,6646,22291,15900}
length= 512 megabytes (2^29 bytes), time= 3.4 seconds
  no anomalies in 226 test result(s)

rng=RNG_stdin64, seed={6637,6646,22291,15900}
length= 1 gigabyte (2^30 bytes), time= 7.0 seconds
  no anomalies in 243 test result(s)

rng=RNG_stdin64, seed={6637,6646,22291,15900}
length= 2 gigabytes (2^31 bytes), time= 14.4 seconds
  no anomalies in 261 test result(s)

rng=RNG_stdin64, seed={6637,6646,22291,15900}
length= 4 gigabytes (2^32 bytes), time= 27.3 seconds
  no anomalies in 277 test result(s)

rng=RNG_stdin64, seed={6637,6646,22291,15900}
length= 8 gigabytes (2^33 bytes), time= 53.5 seconds
  no anomalies in 294 test result(s)

rng=RNG_stdin64, seed={6637,6646,22291,15900}
length= 16 gigabytes (2^34 bytes), time= 106 seconds
  no anomalies in 310 test result(s)

rng=RNG_stdin64, seed={6637,6646,22291,15900}
length= 32 gigabytes (2^35 bytes), time= 208 seconds
  Test Name                         Raw       Processed     Evaluation
  [Low4/64]DC6-9x1Bytes-1           R=  +5.7  p =  3.6e-3   unusual          
  ...and 324 test result(s) without anomalies

rng=RNG_stdin64, seed={6637,6646,22291,15900}
length= 64 gigabytes (2^36 bytes), time= 418 seconds
  Test Name                         Raw       Processed     Evaluation
  [Low16/64]FPF-14+6/16:all         R=  +5.7  p =  8.7e-5   unusual          
  ...and 339 test result(s) without anomalies

rng=RNG_stdin64, seed={6637,6646,22291,15900}
length= 128 gigabytes (2^37 bytes), time= 834 seconds
  Test Name                         Raw       Processed     Evaluation
  [Low1/64]Gap-16:B                 R=  +5.3  p =  2.0e-4   unusual          
  ...and 354 test result(s) without anomalies

So 20 Sep 2026 06:51:59 CEST


So 20 Sep 2026 07:35:27 CEST
repetition 2/3 Lehmer128:
command line: "../../molConv -tD -g Lehmer128 -s {25091,18694,9156,3812}"
RNG_test using PractRand version 0.94
RNG = RNG_stdin64, seed = {25091,18694,9156,3812}
test set = core, folding = standard (64 bit)

rng=RNG_stdin64, seed={25091,18694,9156,3812}
length= 512 megabytes (2^29 bytes), time= 3.4 seconds
  no anomalies in 226 test result(s)

rng=RNG_stdin64, seed={25091,18694,9156,3812}
length= 1 gigabyte (2^30 bytes), time= 7.0 seconds
  no anomalies in 243 test result(s)

rng=RNG_stdin64, seed={25091,18694,9156,3812}
length= 2 gigabytes (2^31 bytes), time= 13.9 seconds
  no anomalies in 261 test result(s)

rng=RNG_stdin64, seed={25091,18694,9156,3812}
length= 4 gigabytes (2^32 bytes), time= 26.9 seconds
  no anomalies in 277 test result(s)

rng=RNG_stdin64, seed={25091,18694,9156,3812}
length= 8 gigabytes (2^33 bytes), time= 53.3 seconds
  Test Name                         Raw       Processed     Evaluation
  [Low4/64]BCFN(2+0,13-1,T)         R=  -7.5  p =1-6.0e-4   unusual          
  ...and 293 test result(s) without anomalies

rng=RNG_stdin64, seed={25091,18694,9156,3812}
length= 16 gigabytes (2^34 bytes), time= 106 seconds
  no anomalies in 310 test result(s)

rng=RNG_stdin64, seed={25091,18694,9156,3812}
length= 32 gigabytes (2^35 bytes), time= 209 seconds
  no anomalies in 325 test result(s)

rng=RNG_stdin64, seed={25091,18694,9156,3812}
length= 64 gigabytes (2^36 bytes), time= 420 seconds
  no anomalies in 340 test result(s)

rng=RNG_stdin64, seed={25091,18694,9156,3812}
length= 128 gigabytes (2^37 bytes), time= 838 seconds
  no anomalies in 355 test result(s)

So 20 Sep 2026 07:49:26 CEST


So 20 Sep 2026 08:33:09 CEST
repetition 3/3 Lehmer128:
command line: "../../molConv -tD -g Lehmer128 -s {26937,14611,2845,11960}"
RNG_test using PractRand version 0.94
RNG = RNG_stdin64, seed = {26937,14611,2845,11960}
test set = core, folding = standard (64 bit)

rng=RNG_stdin64, seed={26937,14611,2845,11960}
length= 256 megabytes (2^28 bytes), time= 2.0 seconds
  no anomalies in 210 test result(s)

rng=RNG_stdin64, seed={26937,14611,2845,11960}
length= 512 megabytes (2^29 bytes), time= 4.0 seconds
  Test Name                         Raw       Processed     Evaluation
  [Low1/64]DC6-9x1Bytes-1           R=  -6.5  p =1-1.9e-4   mildly suspicious
  ...and 225 test result(s) without anomalies

rng=RNG_stdin64, seed={26937,14611,2845,11960}
length= 1 gigabyte (2^30 bytes), time= 7.9 seconds
  no anomalies in 243 test result(s)

rng=RNG_stdin64, seed={26937,14611,2845,11960}
length= 2 gigabytes (2^31 bytes), time= 14.7 seconds
  no anomalies in 261 test result(s)

rng=RNG_stdin64, seed={26937,14611,2845,11960}
length= 4 gigabytes (2^32 bytes), time= 27.6 seconds
  no anomalies in 277 test result(s)

rng=RNG_stdin64, seed={26937,14611,2845,11960}
length= 8 gigabytes (2^33 bytes), time= 53.8 seconds
  no anomalies in 294 test result(s)

rng=RNG_stdin64, seed={26937,14611,2845,11960}
length= 16 gigabytes (2^34 bytes), time= 106 seconds
  no anomalies in 310 test result(s)

rng=RNG_stdin64, seed={26937,14611,2845,11960}
length= 32 gigabytes (2^35 bytes), time= 209 seconds
  no anomalies in 325 test result(s)

rng=RNG_stdin64, seed={26937,14611,2845,11960}
length= 64 gigabytes (2^36 bytes), time= 419 seconds
  no anomalies in 340 test result(s)

rng=RNG_stdin64, seed={26937,14611,2845,11960}
length= 128 gigabytes (2^37 bytes), time= 835 seconds
  no anomalies in 355 test result(s)

So 20 Sep 2026 08:47:04 CEST


So 20 Sep 2026 14:36:16 CEST
repetition 1/1 Lehmer128:
command line: "../../molConv -tD -g Lehmer128 -s {25199,9637,15155,19795}"
RNG_test using PractRand version 0.94
RNG = RNG_stdin64, seed = {25199,9637,15155,19795}
test set = core, folding = standard (64 bit)

rng=RNG_stdin64, seed={25199,9637,15155,19795}
length= 512 megabytes (2^29 bytes), time= 3.6 seconds
  no anomalies in 226 test result(s)

rng=RNG_stdin64, seed={25199,9637,15155,19795}
length= 1 gigabyte (2^30 bytes), time= 7.1 seconds
  no anomalies in 243 test result(s)

rng=RNG_stdin64, seed={25199,9637,15155,19795}
length= 2 gigabytes (2^31 bytes), time= 13.8 seconds
  no anomalies in 261 test result(s)

rng=RNG_stdin64, seed={25199,9637,15155,19795}
length= 4 gigabytes (2^32 bytes), time= 26.9 seconds
  no anomalies in 277 test result(s)

rng=RNG_stdin64, seed={25199,9637,15155,19795}
length= 8 gigabytes (2^33 bytes), time= 53.5 seconds
  no anomalies in 294 test result(s)

So 20 Sep 2026 14:37:10 CEST


