
********************************************************************************
2026-09-23 04:32:04.285720
PractRand test 1/1 generator Lehmer64 with size = 1TB

using random number generator 'Lehmer64'
info: using 2 random hardware seed values
info: got   2 seed values: {0x97e9c1db,0xaf143d3e}

note: stdout set to binary mode!
STREAMING on stdout with Lehmer64 (uniform distributed double -> int64) ... 
RNG_test using PractRand version 0.94
RNG = RNG_stdin64, seed = {0x97e9c1db,0xaf143d3e}
test set = core, folding = standard (64 bit)

rng=RNG_stdin64, seed={0x97e9c1db,0xaf143d3e}
length= 256 megabytes (2^28 bytes), time= 2.6 seconds
  no anomalies in 210 test result(s)

rng=RNG_stdin64, seed={0x97e9c1db,0xaf143d3e}
length= 512 megabytes (2^29 bytes), time= 5.2 seconds
  no anomalies in 226 test result(s)

rng=RNG_stdin64, seed={0x97e9c1db,0xaf143d3e}
length= 1 gigabyte (2^30 bytes), time= 10.1 seconds
  no anomalies in 243 test result(s)

rng=RNG_stdin64, seed={0x97e9c1db,0xaf143d3e}
length= 2 gigabytes (2^31 bytes), time= 21.6 seconds
  no anomalies in 261 test result(s)

rng=RNG_stdin64, seed={0x97e9c1db,0xaf143d3e}
length= 4 gigabytes (2^32 bytes), time= 45.1 seconds
  Test Name                         Raw       Processed     Evaluation
  [Low4/64]FPF-14+6/16:cross        R=  -2.4  p =1-3.7e-4   unusual          
  ...and 276 test result(s) without anomalies

rng=RNG_stdin64, seed={0x97e9c1db,0xaf143d3e}
length= 8 gigabytes (2^33 bytes), time= 92.6 seconds
  Test Name                         Raw       Processed     Evaluation
  [Low4/64]FPF-14+6/16:cross        R=  -2.5  p =1-2.4e-4   unusual          
  ...and 293 test result(s) without anomalies

rng=RNG_stdin64, seed={0x97e9c1db,0xaf143d3e}
length= 16 gigabytes (2^34 bytes), time= 188 seconds
  no anomalies in 310 test result(s)

rng=RNG_stdin64, seed={0x97e9c1db,0xaf143d3e}
length= 32 gigabytes (2^35 bytes), time= 373 seconds
  no anomalies in 325 test result(s)

rng=RNG_stdin64, seed={0x97e9c1db,0xaf143d3e}
length= 64 gigabytes (2^36 bytes), time= 754 seconds
  no anomalies in 340 test result(s)

rng=RNG_stdin64, seed={0x97e9c1db,0xaf143d3e}
length= 128 gigabytes (2^37 bytes), time= 1511 seconds
  no anomalies in 355 test result(s)

rng=RNG_stdin64, seed={0x97e9c1db,0xaf143d3e}
length= 256 gigabytes (2^38 bytes), time= 2982 seconds
  no anomalies in 369 test result(s)

rng=RNG_stdin64, seed={0x97e9c1db,0xaf143d3e}
length= 512 gigabytes (2^39 bytes), time= 6061 seconds
  no anomalies in 383 test result(s)

