Sa 19 Sep 2026 17:46:27 CEST
repetition 1/1 Lehmer64:
command line: "../../molConv -tD -g Lehmer64 -s {29256,431,2566,28031}"
RNG_test using PractRand version 0.94
RNG = RNG_stdin64, seed = {29256,431,2566,28031}
test set = core, folding = standard (64 bit)

rng=RNG_stdin64, seed={29256,431,2566,28031}
length= 256 megabytes (2^28 bytes), time= 2.4 seconds
  no anomalies in 210 test result(s)

rng=RNG_stdin64, seed={29256,431,2566,28031}
length= 512 megabytes (2^29 bytes), time= 4.9 seconds
  Test Name                         Raw       Processed     Evaluation
  [Low1/64]DC6-9x1Bytes-1           R=  -5.0  p =1-1.6e-3   unusual          
  ...and 225 test result(s) without anomalies

rng=RNG_stdin64, seed={29256,431,2566,28031}
length= 1 gigabyte (2^30 bytes), time= 9.3 seconds
  no anomalies in 243 test result(s)

rng=RNG_stdin64, seed={29256,431,2566,28031}
length= 2 gigabytes (2^31 bytes), time= 17.4 seconds
  no anomalies in 261 test result(s)

rng=RNG_stdin64, seed={29256,431,2566,28031}
length= 4 gigabytes (2^32 bytes), time= 34.0 seconds
  no anomalies in 277 test result(s)

rng=RNG_stdin64, seed={29256,431,2566,28031}
length= 8 gigabytes (2^33 bytes), time= 66.9 seconds
  no anomalies in 294 test result(s)

rng=RNG_stdin64, seed={29256,431,2566,28031}
length= 16 gigabytes (2^34 bytes), time= 133 seconds
  Test Name                         Raw       Processed     Evaluation
  [Low1/64]BCFN(2+0,13-2,T)         R=  -7.4  p =1-5.6e-4   unusual          
  ...and 309 test result(s) without anomalies

rng=RNG_stdin64, seed={29256,431,2566,28031}
length= 32 gigabytes (2^35 bytes), time= 260 seconds
  no anomalies in 325 test result(s)

rng=RNG_stdin64, seed={29256,431,2566,28031}
length= 64 gigabytes (2^36 bytes), time= 524 seconds
  no anomalies in 340 test result(s)

rng=RNG_stdin64, seed={29256,431,2566,28031}
length= 128 gigabytes (2^37 bytes), time= 1047 seconds
  Test Name                         Raw       Processed     Evaluation
  [Low16/64]DC6-9x1Bytes-1          R=  -4.6  p =1-3.3e-3   unusual          
  ...and 354 test result(s) without anomalies

Sa 19 Sep 2026 18:03:55 CEST

Sa 19 Sep 2026 19:13:55 CEST
repetition 1/1 Lehmer64:
command line: "../../molConv -tD -g Lehmer64 -s {499,18132,15401,5923}"
RNG_test using PractRand version 0.94
RNG = RNG_stdin64, seed = {499,18132,15401,5923}
test set = core, folding = standard (64 bit)

rng=RNG_stdin64, seed={499,18132,15401,5923}
length= 256 megabytes (2^28 bytes), time= 2.4 seconds
  no anomalies in 210 test result(s)

rng=RNG_stdin64, seed={499,18132,15401,5923}
length= 512 megabytes (2^29 bytes), time= 4.9 seconds
  no anomalies in 226 test result(s)

rng=RNG_stdin64, seed={499,18132,15401,5923}
length= 1 gigabyte (2^30 bytes), time= 9.5 seconds
  no anomalies in 243 test result(s)

rng=RNG_stdin64, seed={499,18132,15401,5923}
length= 2 gigabytes (2^31 bytes), time= 18.1 seconds
  no anomalies in 261 test result(s)

rng=RNG_stdin64, seed={499,18132,15401,5923}
length= 4 gigabytes (2^32 bytes), time= 34.8 seconds
  Test Name                         Raw       Processed     Evaluation
  BCFN(2+4,13-1,T)                  R= +10.7  p =  3.2e-5   unusual          
  ...and 276 test result(s) without anomalies

rng=RNG_stdin64, seed={499,18132,15401,5923}
length= 8 gigabytes (2^33 bytes), time= 68.2 seconds
  no anomalies in 294 test result(s)

rng=RNG_stdin64, seed={499,18132,15401,5923}
length= 16 gigabytes (2^34 bytes), time= 136 seconds
  no anomalies in 310 test result(s)

rng=RNG_stdin64, seed={499,18132,15401,5923}
length= 32 gigabytes (2^35 bytes), time= 269 seconds
  no anomalies in 325 test result(s)

rng=RNG_stdin64, seed={499,18132,15401,5923}
length= 64 gigabytes (2^36 bytes), time= 539 seconds
  no anomalies in 340 test result(s)

rng=RNG_stdin64, seed={499,18132,15401,5923}
length= 128 gigabytes (2^37 bytes), time= 1072 seconds
  no anomalies in 355 test result(s)

Sa 19 Sep 2026 19:31:48 CEST

Sa 19 Sep 2026 23:44:48 CEST
repetition 1/1 Lehmer64:
command line: "../../molConv -tD -g Lehmer64 -s {14887,25491,7271,29604}"
RNG_test using PractRand version 0.94
RNG = RNG_stdin64, seed = {14887,25491,7271,29604}
test set = core, folding = standard (64 bit)

rng=RNG_stdin64, seed={14887,25491,7271,29604}
length= 512 megabytes (2^29 bytes), time= 3.5 seconds
  no anomalies in 226 test result(s)

rng=RNG_stdin64, seed={14887,25491,7271,29604}
length= 1 gigabyte (2^30 bytes), time= 7.0 seconds
  no anomalies in 243 test result(s)

rng=RNG_stdin64, seed={14887,25491,7271,29604}
length= 2 gigabytes (2^31 bytes), time= 13.6 seconds
  no anomalies in 261 test result(s)

rng=RNG_stdin64, seed={14887,25491,7271,29604}
length= 4 gigabytes (2^32 bytes), time= 26.9 seconds
  no anomalies in 277 test result(s)

rng=RNG_stdin64, seed={14887,25491,7271,29604}
length= 8 gigabytes (2^33 bytes), time= 53.8 seconds
  no anomalies in 294 test result(s)

rng=RNG_stdin64, seed={14887,25491,7271,29604}
length= 16 gigabytes (2^34 bytes), time= 106 seconds
  no anomalies in 310 test result(s)

rng=RNG_stdin64, seed={14887,25491,7271,29604}
length= 32 gigabytes (2^35 bytes), time= 209 seconds
  no anomalies in 325 test result(s)

rng=RNG_stdin64, seed={14887,25491,7271,29604}
length= 64 gigabytes (2^36 bytes), time= 420 seconds
  Test Name                         Raw       Processed     Evaluation
  [Low4/64]FPF-14+6/16:all          R=  -4.8  p =1-3.3e-4   unusual          
  ...and 339 test result(s) without anomalies

rng=RNG_stdin64, seed={14887,25491,7271,29604}
length= 128 gigabytes (2^37 bytes), time= 840 seconds
  no anomalies in 355 test result(s)

rng=RNG_stdin64, seed={14887,25491,7271,29604}
length= 256 gigabytes (2^38 bytes), time= 1659 seconds
  no anomalies in 369 test result(s)

rng=RNG_stdin64, seed={14887,25491,7271,29604}
length= 512 gigabytes (2^39 bytes), time= 3356 seconds
  no anomalies in 383 test result(s)

rng=RNG_stdin64, seed={14887,25491,7271,29604}
length= 1 terabyte (2^40 bytes), time= 6749 seconds
  no anomalies in 397 test result(s)

So 20 Sep 2026 01:37:18 CEST

So 20 Sep 2026 06:24:10 CEST
repetition 1/3 Lehmer64:
command line: "../../molConv -tD -g Lehmer64 -s {6637,6646,22291,15900}"
RNG_test using PractRand version 0.94
RNG = RNG_stdin64, seed = {6637,6646,22291,15900}
test set = core, folding = standard (64 bit)

rng=RNG_stdin64, seed={6637,6646,22291,15900}
length= 512 megabytes (2^29 bytes), time= 3.4 seconds
  no anomalies in 226 test result(s)

rng=RNG_stdin64, seed={6637,6646,22291,15900}
length= 1 gigabyte (2^30 bytes), time= 6.9 seconds
  no anomalies in 243 test result(s)

rng=RNG_stdin64, seed={6637,6646,22291,15900}
length= 2 gigabytes (2^31 bytes), time= 13.8 seconds
  no anomalies in 261 test result(s)

rng=RNG_stdin64, seed={6637,6646,22291,15900}
length= 4 gigabytes (2^32 bytes), time= 27.9 seconds
  no anomalies in 277 test result(s)

rng=RNG_stdin64, seed={6637,6646,22291,15900}
length= 8 gigabytes (2^33 bytes), time= 54.4 seconds
  Test Name                         Raw       Processed     Evaluation
  [Low4/64]DC6-9x1Bytes-1           R=  -4.5  p =1-3.3e-3   unusual          
  ...and 293 test result(s) without anomalies

rng=RNG_stdin64, seed={6637,6646,22291,15900}
length= 16 gigabytes (2^34 bytes), time= 107 seconds
  no anomalies in 310 test result(s)

rng=RNG_stdin64, seed={6637,6646,22291,15900}
length= 32 gigabytes (2^35 bytes), time= 208 seconds
  no anomalies in 325 test result(s)

rng=RNG_stdin64, seed={6637,6646,22291,15900}
length= 64 gigabytes (2^36 bytes), time= 417 seconds
  no anomalies in 340 test result(s)

rng=RNG_stdin64, seed={6637,6646,22291,15900}
length= 128 gigabytes (2^37 bytes), time= 834 seconds
  no anomalies in 355 test result(s)

So 20 Sep 2026 06:38:04 CEST


So 20 Sep 2026 07:21:33 CEST
repetition 2/3 Lehmer64:
command line: "../../molConv -tD -g Lehmer64 -s {25091,18694,9156,3812}"
RNG_test using PractRand version 0.94
RNG = RNG_stdin64, seed = {25091,18694,9156,3812}
test set = core, folding = standard (64 bit)

rng=RNG_stdin64, seed={25091,18694,9156,3812}
length= 512 megabytes (2^29 bytes), time= 3.4 seconds
  no anomalies in 226 test result(s)

rng=RNG_stdin64, seed={25091,18694,9156,3812}
length= 1 gigabyte (2^30 bytes), time= 7.0 seconds
  no anomalies in 243 test result(s)

rng=RNG_stdin64, seed={25091,18694,9156,3812}
length= 2 gigabytes (2^31 bytes), time= 13.7 seconds
  no anomalies in 261 test result(s)

rng=RNG_stdin64, seed={25091,18694,9156,3812}
length= 4 gigabytes (2^32 bytes), time= 26.6 seconds
  no anomalies in 277 test result(s)

rng=RNG_stdin64, seed={25091,18694,9156,3812}
length= 8 gigabytes (2^33 bytes), time= 53.3 seconds
  no anomalies in 294 test result(s)

rng=RNG_stdin64, seed={25091,18694,9156,3812}
length= 16 gigabytes (2^34 bytes), time= 106 seconds
  no anomalies in 310 test result(s)

rng=RNG_stdin64, seed={25091,18694,9156,3812}
length= 32 gigabytes (2^35 bytes), time= 208 seconds
  no anomalies in 325 test result(s)

rng=RNG_stdin64, seed={25091,18694,9156,3812}
length= 64 gigabytes (2^36 bytes), time= 418 seconds
  no anomalies in 340 test result(s)

rng=RNG_stdin64, seed={25091,18694,9156,3812}
length= 128 gigabytes (2^37 bytes), time= 833 seconds
  no anomalies in 355 test result(s)

So 20 Sep 2026 07:35:27 CEST


So 20 Sep 2026 08:19:13 CEST
repetition 3/3 Lehmer64:
command line: "../../molConv -tD -g Lehmer64 -s {26937,14611,2845,11960}"
RNG_test using PractRand version 0.94
RNG = RNG_stdin64, seed = {26937,14611,2845,11960}
test set = core, folding = standard (64 bit)

rng=RNG_stdin64, seed={26937,14611,2845,11960}
length= 512 megabytes (2^29 bytes), time= 3.5 seconds
  no anomalies in 226 test result(s)

rng=RNG_stdin64, seed={26937,14611,2845,11960}
length= 1 gigabyte (2^30 bytes), time= 7.0 seconds
  Test Name                         Raw       Processed     Evaluation
  [Low4/64]DC6-9x1Bytes-1           R=  -4.2  p =1-4.1e-3   unusual          
  ...and 242 test result(s) without anomalies

rng=RNG_stdin64, seed={26937,14611,2845,11960}
length= 2 gigabytes (2^31 bytes), time= 13.9 seconds
  no anomalies in 261 test result(s)

rng=RNG_stdin64, seed={26937,14611,2845,11960}
length= 4 gigabytes (2^32 bytes), time= 26.9 seconds
  no anomalies in 277 test result(s)

rng=RNG_stdin64, seed={26937,14611,2845,11960}
length= 8 gigabytes (2^33 bytes), time= 53.7 seconds
  Test Name                         Raw       Processed     Evaluation
  BCFN(2+1,13-0,T)                  R=  +9.7  p =  1.0e-4   unusual          
  ...and 293 test result(s) without anomalies

rng=RNG_stdin64, seed={26937,14611,2845,11960}
length= 16 gigabytes (2^34 bytes), time= 106 seconds
  no anomalies in 310 test result(s)

rng=RNG_stdin64, seed={26937,14611,2845,11960}
length= 32 gigabytes (2^35 bytes), time= 208 seconds
  no anomalies in 325 test result(s)

rng=RNG_stdin64, seed={26937,14611,2845,11960}
length= 64 gigabytes (2^36 bytes), time= 419 seconds
  no anomalies in 340 test result(s)

rng=RNG_stdin64, seed={26937,14611,2845,11960}
length= 128 gigabytes (2^37 bytes), time= 835 seconds
  no anomalies in 355 test result(s)

So 20 Sep 2026 08:33:09 CEST


So 20 Sep 2026 14:35:21 CEST
repetition 1/1 Lehmer64:
command line: "../../molConv -tD -g Lehmer64 -s {25199,9637,15155,19795}"
RNG_test using PractRand version 0.94
RNG = RNG_stdin64, seed = {25199,9637,15155,19795}
test set = core, folding = standard (64 bit)

rng=RNG_stdin64, seed={25199,9637,15155,19795}
length= 256 megabytes (2^28 bytes), time= 2.0 seconds
  no anomalies in 210 test result(s)

rng=RNG_stdin64, seed={25199,9637,15155,19795}
length= 512 megabytes (2^29 bytes), time= 4.0 seconds
  no anomalies in 226 test result(s)

rng=RNG_stdin64, seed={25199,9637,15155,19795}
length= 1 gigabyte (2^30 bytes), time= 7.8 seconds
  no anomalies in 243 test result(s)

rng=RNG_stdin64, seed={25199,9637,15155,19795}
length= 2 gigabytes (2^31 bytes), time= 14.7 seconds
  no anomalies in 261 test result(s)

rng=RNG_stdin64, seed={25199,9637,15155,19795}
length= 4 gigabytes (2^32 bytes), time= 27.9 seconds
  no anomalies in 277 test result(s)

rng=RNG_stdin64, seed={25199,9637,15155,19795}
length= 8 gigabytes (2^33 bytes), time= 54.2 seconds
  no anomalies in 294 test result(s)

So 20 Sep 2026 14:36:16 CEST


