
********************************************************************************
2026-09-21 20:54:04.811934
PractRand test 2/2 generator MersenneTwister64 with size = 1TGB
done in 0.0 seconds, result = SUCCESS

********************************************************************************
2026-09-21 20:54:37.544675
PractRand test 1/2 generator MersenneTwister64 with size = 1TB

using random number generator 'MersenneTwister64'
info: using 2 random hardware seed values
info: got   2 seed values: {0x6272fc09,0x40fe2a0e}

note: stdout set to binary mode!
STREAMING on stdout with MersenneTwister64 (uniform distributed double -> int64) ... 
RNG_test using PractRand version 0.94
RNG = RNG_stdin64, seed = {0x6272fc09,0x40fe2a0e}
test set = core, folding = standard (64 bit)

rng=RNG_stdin64, seed={0x6272fc09,0x40fe2a0e}
length= 32 megabytes (2^25 bytes), time= 2.3 seconds
  no anomalies in 162 test result(s)

rng=RNG_stdin64, seed={0x6272fc09,0x40fe2a0e}
length= 64 megabytes (2^26 bytes), time= 6.4 seconds
  no anomalies in 177 test result(s)

rng=RNG_stdin64, seed={0x6272fc09,0x40fe2a0e}
length= 128 megabytes (2^27 bytes), time= 12.8 seconds
  no anomalies in 193 test result(s)

rng=RNG_stdin64, seed={0x6272fc09,0x40fe2a0e}
length= 256 megabytes (2^28 bytes), time= 24.9 seconds
  no anomalies in 210 test result(s)

rng=RNG_stdin64, seed={0x6272fc09,0x40fe2a0e}
length= 512 megabytes (2^29 bytes), time= 37.8 seconds
  no anomalies in 226 test result(s)

rng=RNG_stdin64, seed={0x6272fc09,0x40fe2a0e}
length= 1 gigabyte (2^30 bytes), time= 57.9 seconds
  Test Name                         Raw       Processed     Evaluation
  [Low16/64]FPF-14+6/16:all         R=  -5.0  p =1-1.8e-4   unusual          
  ...and 242 test result(s) without anomalies

rng=RNG_stdin64, seed={0x6272fc09,0x40fe2a0e}
length= 2 gigabytes (2^31 bytes), time= 95.5 seconds
  no anomalies in 261 test result(s)

rng=RNG_stdin64, seed={0x6272fc09,0x40fe2a0e}
length= 4 gigabytes (2^32 bytes), time= 171 seconds
  no anomalies in 277 test result(s)

rng=RNG_stdin64, seed={0x6272fc09,0x40fe2a0e}
length= 8 gigabytes (2^33 bytes), time= 323 seconds
  no anomalies in 294 test result(s)

rng=RNG_stdin64, seed={0x6272fc09,0x40fe2a0e}
length= 16 gigabytes (2^34 bytes), time= 616 seconds
  no anomalies in 310 test result(s)

rng=RNG_stdin64, seed={0x6272fc09,0x40fe2a0e}
length= 32 gigabytes (2^35 bytes), time= 1214 seconds
  no anomalies in 325 test result(s)

rng=RNG_stdin64, seed={0x6272fc09,0x40fe2a0e}
length= 64 gigabytes (2^36 bytes), time= 2444 seconds
  no anomalies in 340 test result(s)

rng=RNG_stdin64, seed={0x6272fc09,0x40fe2a0e}
length= 128 gigabytes (2^37 bytes), time= 4869 seconds
  no anomalies in 355 test result(s)


********************************************************************************
2026-09-21 22:47:15.646572
PractRand test 1/2 generator MersenneTwister64 with size = 1TB

using random number generator 'MersenneTwister64'
info: using 2 random hardware seed values
info: got   2 seed values: {0xc7abc870,0x1e12ca90}

note: stdout set to binary mode!
STREAMING on stdout with MersenneTwister64 (uniform distributed double -> int64) ... 
RNG_test using PractRand version 0.94
RNG = RNG_stdin64, seed = {0xc7abc870,0x1e12ca90}
test set = core, folding = standard (64 bit)

rng=RNG_stdin64, seed={0xc7abc870,0x1e12ca90}
length= 256 megabytes (2^28 bytes), time= 2.4 seconds
  no anomalies in 210 test result(s)

rng=RNG_stdin64, seed={0xc7abc870,0x1e12ca90}
length= 512 megabytes (2^29 bytes), time= 5.1 seconds
  no anomalies in 226 test result(s)

rng=RNG_stdin64, seed={0xc7abc870,0x1e12ca90}
length= 1 gigabyte (2^30 bytes), time= 10.0 seconds
  no anomalies in 243 test result(s)

rng=RNG_stdin64, seed={0xc7abc870,0x1e12ca90}
length= 2 gigabytes (2^31 bytes), time= 20.8 seconds
  no anomalies in 261 test result(s)

rng=RNG_stdin64, seed={0xc7abc870,0x1e12ca90}
length= 4 gigabytes (2^32 bytes), time= 44.6 seconds
  no anomalies in 277 test result(s)

rng=RNG_stdin64, seed={0xc7abc870,0x1e12ca90}
length= 8 gigabytes (2^33 bytes), time= 90.5 seconds
  no anomalies in 294 test result(s)

rng=RNG_stdin64, seed={0xc7abc870,0x1e12ca90}
length= 16 gigabytes (2^34 bytes), time= 181 seconds
  no anomalies in 310 test result(s)

rng=RNG_stdin64, seed={0xc7abc870,0x1e12ca90}
length= 32 gigabytes (2^35 bytes), time= 360 seconds
  no anomalies in 325 test result(s)

rng=RNG_stdin64, seed={0xc7abc870,0x1e12ca90}
length= 64 gigabytes (2^36 bytes), time= 730 seconds
  no anomalies in 340 test result(s)

rng=RNG_stdin64, seed={0xc7abc870,0x1e12ca90}
length= 128 gigabytes (2^37 bytes), time= 1458 seconds
  no anomalies in 355 test result(s)

rng=RNG_stdin64, seed={0xc7abc870,0x1e12ca90}
length= 256 gigabytes (2^38 bytes), time= 2861 seconds
  no anomalies in 369 test result(s)

rng=RNG_stdin64, seed={0xc7abc870,0x1e12ca90}
length= 512 gigabytes (2^39 bytes), time= 5759 seconds
  no anomalies in 383 test result(s)

rng=RNG_stdin64, seed={0xc7abc870,0x1e12ca90}
length= 1 terabyte (2^40 bytes), time= 11408 seconds
  no anomalies in 396 test result(s)


********************************************************************************
2026-09-22 01:57:23.792409
PractRand test 1/2 generator MersenneTwister64 with size = 1TB
done in 11408.0 seconds, result = SUCCESS

********************************************************************************
2026-09-22 01:57:23.792409
PractRand test 2/2 generator MersenneTwister64 with size = 1TB

using random number generator 'MersenneTwister64'
info: using 2 random hardware seed values
info: got   2 seed values: {0x1cc0e776,0x7ee3d29c}

note: stdout set to binary mode!
STREAMING on stdout with MersenneTwister64 (uniform distributed double -> int64) ... 
RNG_test using PractRand version 0.94
RNG = RNG_stdin64, seed = {0x1cc0e776,0x7ee3d29c}
test set = core, folding = standard (64 bit)

rng=RNG_stdin64, seed={0x1cc0e776,0x7ee3d29c}
length= 256 megabytes (2^28 bytes), time= 3.6 seconds
  no anomalies in 210 test result(s)

rng=RNG_stdin64, seed={0x1cc0e776,0x7ee3d29c}
length= 512 megabytes (2^29 bytes), time= 7.6 seconds
  no anomalies in 226 test result(s)

rng=RNG_stdin64, seed={0x1cc0e776,0x7ee3d29c}
length= 1 gigabyte (2^30 bytes), time= 14.8 seconds
  no anomalies in 243 test result(s)

rng=RNG_stdin64, seed={0x1cc0e776,0x7ee3d29c}
length= 2 gigabytes (2^31 bytes), time= 28.3 seconds
  no anomalies in 261 test result(s)

rng=RNG_stdin64, seed={0x1cc0e776,0x7ee3d29c}
length= 4 gigabytes (2^32 bytes), time= 54.9 seconds
  no anomalies in 277 test result(s)

rng=RNG_stdin64, seed={0x1cc0e776,0x7ee3d29c}
length= 8 gigabytes (2^33 bytes), time= 108 seconds
  no anomalies in 294 test result(s)

rng=RNG_stdin64, seed={0x1cc0e776,0x7ee3d29c}
length= 16 gigabytes (2^34 bytes), time= 214 seconds
  no anomalies in 310 test result(s)

rng=RNG_stdin64, seed={0x1cc0e776,0x7ee3d29c}
length= 32 gigabytes (2^35 bytes), time= 421 seconds
  no anomalies in 325 test result(s)

rng=RNG_stdin64, seed={0x1cc0e776,0x7ee3d29c}
length= 64 gigabytes (2^36 bytes), time= 855 seconds
  no anomalies in 340 test result(s)

rng=RNG_stdin64, seed={0x1cc0e776,0x7ee3d29c}
length= 128 gigabytes (2^37 bytes), time= 1709 seconds
  no anomalies in 355 test result(s)

rng=RNG_stdin64, seed={0x1cc0e776,0x7ee3d29c}
length= 256 gigabytes (2^38 bytes), time= 3371 seconds
  no anomalies in 369 test result(s)

rng=RNG_stdin64, seed={0x1cc0e776,0x7ee3d29c}
length= 512 gigabytes (2^39 bytes), time= 6882 seconds
  no anomalies in 383 test result(s)

rng=RNG_stdin64, seed={0x1cc0e776,0x7ee3d29c}
length= 1 terabyte (2^40 bytes), time= 13739 seconds
  no anomalies in 396 test result(s)


********************************************************************************
2026-09-22 05:46:22.979582
PractRand test 2/2 generator MersenneTwister64 with size = 1TB
done in 13739.0 seconds, result = SUCCESS
