Sa 19 Sep 2026 17:26:12 CEST
repetition 1/1 MersenneTwister64:
command line: "../../molConv -tD -g MersenneTwister64 -s {29256,431,2566,28031}"
RNG_test using PractRand version 0.94
RNG = RNG_stdin64, seed = {29256,431,2566,28031}
test set = core, folding = standard (64 bit)

rng=RNG_stdin64, seed={29256,431,2566,28031}
length= 256 megabytes (2^28 bytes), time= 2.3 seconds
  no anomalies in 210 test result(s)

rng=RNG_stdin64, seed={29256,431,2566,28031}
length= 512 megabytes (2^29 bytes), time= 4.8 seconds
  no anomalies in 226 test result(s)

rng=RNG_stdin64, seed={29256,431,2566,28031}
length= 1 gigabyte (2^30 bytes), time= 9.9 seconds
  no anomalies in 243 test result(s)

rng=RNG_stdin64, seed={29256,431,2566,28031}
length= 2 gigabytes (2^31 bytes), time= 20.0 seconds
  no anomalies in 261 test result(s)

rng=RNG_stdin64, seed={29256,431,2566,28031}
length= 4 gigabytes (2^32 bytes), time= 40.1 seconds
  Test Name                         Raw       Processed     Evaluation
  DC6-9x1Bytes-1                    R=  -5.8  p =1-6.4e-4   unusual          
  ...and 276 test result(s) without anomalies

rng=RNG_stdin64, seed={29256,431,2566,28031}
length= 8 gigabytes (2^33 bytes), time= 78.7 seconds
  no anomalies in 294 test result(s)

rng=RNG_stdin64, seed={29256,431,2566,28031}
length= 16 gigabytes (2^34 bytes), time= 158 seconds
  no anomalies in 310 test result(s)

rng=RNG_stdin64, seed={29256,431,2566,28031}
length= 32 gigabytes (2^35 bytes), time= 311 seconds
  no anomalies in 325 test result(s)

rng=RNG_stdin64, seed={29256,431,2566,28031}
length= 64 gigabytes (2^36 bytes), time= 628 seconds
  no anomalies in 340 test result(s)

rng=RNG_stdin64, seed={29256,431,2566,28031}
length= 128 gigabytes (2^37 bytes), time= 1214 seconds
  Test Name                         Raw       Processed     Evaluation
  [Low4/64]BCFN(2+4,13-0,T)         R=  +9.8  p =  8.8e-5   unusual          
  ...and 354 test result(s) without anomalies

Sa 19 Sep 2026 17:46:27 CEST


Sa 19 Sep 2026 18:53:12 CEST
repetition 1/1 MersenneTwister64:
command line: "../../molConv -tD -g MersenneTwister64 -s {499,18132,15401,5923}"
RNG_test using PractRand version 0.94
RNG = RNG_stdin64, seed = {499,18132,15401,5923}
test set = core, folding = standard (64 bit)

rng=RNG_stdin64, seed={499,18132,15401,5923}
length= 256 megabytes (2^28 bytes), time= 2.1 seconds
  no anomalies in 210 test result(s)

rng=RNG_stdin64, seed={499,18132,15401,5923}
length= 512 megabytes (2^29 bytes), time= 4.6 seconds
  no anomalies in 226 test result(s)

rng=RNG_stdin64, seed={499,18132,15401,5923}
length= 1 gigabyte (2^30 bytes), time= 9.2 seconds
  no anomalies in 243 test result(s)

rng=RNG_stdin64, seed={499,18132,15401,5923}
length= 2 gigabytes (2^31 bytes), time= 17.9 seconds
  no anomalies in 261 test result(s)

rng=RNG_stdin64, seed={499,18132,15401,5923}
length= 4 gigabytes (2^32 bytes), time= 36.0 seconds
  no anomalies in 277 test result(s)

rng=RNG_stdin64, seed={499,18132,15401,5923}
length= 8 gigabytes (2^33 bytes), time= 75.3 seconds
  no anomalies in 294 test result(s)

rng=RNG_stdin64, seed={499,18132,15401,5923}
length= 16 gigabytes (2^34 bytes), time= 151 seconds
  no anomalies in 310 test result(s)

rng=RNG_stdin64, seed={499,18132,15401,5923}
length= 32 gigabytes (2^35 bytes), time= 306 seconds
  no anomalies in 325 test result(s)

rng=RNG_stdin64, seed={499,18132,15401,5923}
length= 64 gigabytes (2^36 bytes), time= 621 seconds
  no anomalies in 340 test result(s)

rng=RNG_stdin64, seed={499,18132,15401,5923}
length= 128 gigabytes (2^37 bytes), time= 1242 seconds
  no anomalies in 355 test result(s)

Sa 19 Sep 2026 19:13:55 CEST


Sa 19 Sep 2026 21:39:46 CEST
repetition 1/1 MersenneTwister64:
command line: "../../molConv -tD -g MersenneTwister64 -s {14887,25491,7271,29604}"
RNG_test using PractRand version 0.94
RNG = RNG_stdin64, seed = {14887,25491,7271,29604}
test set = core, folding = standard (64 bit)

rng=RNG_stdin64, seed={14887,25491,7271,29604}
length= 256 megabytes (2^28 bytes), time= 2.1 seconds
  no anomalies in 210 test result(s)

rng=RNG_stdin64, seed={14887,25491,7271,29604}
length= 512 megabytes (2^29 bytes), time= 4.1 seconds
  no anomalies in 226 test result(s)

rng=RNG_stdin64, seed={14887,25491,7271,29604}
length= 1 gigabyte (2^30 bytes), time= 7.7 seconds
  no anomalies in 243 test result(s)

rng=RNG_stdin64, seed={14887,25491,7271,29604}
length= 2 gigabytes (2^31 bytes), time= 14.5 seconds
  no anomalies in 261 test result(s)

rng=RNG_stdin64, seed={14887,25491,7271,29604}
length= 4 gigabytes (2^32 bytes), time= 28.4 seconds
  no anomalies in 277 test result(s)

rng=RNG_stdin64, seed={14887,25491,7271,29604}
length= 8 gigabytes (2^33 bytes), time= 57.8 seconds
  no anomalies in 294 test result(s)

rng=RNG_stdin64, seed={14887,25491,7271,29604}
length= 16 gigabytes (2^34 bytes), time= 116 seconds
  no anomalies in 310 test result(s)

rng=RNG_stdin64, seed={14887,25491,7271,29604}
length= 32 gigabytes (2^35 bytes), time= 230 seconds
  Test Name                         Raw       Processed     Evaluation
  [Low4/64]mod3n(5):(7,9-3)         R=  -9.4  p =1-1.4e-6   mildly suspicious
  ...and 324 test result(s) without anomalies

rng=RNG_stdin64, seed={14887,25491,7271,29604}
length= 64 gigabytes (2^36 bytes), time= 464 seconds
  no anomalies in 340 test result(s)

rng=RNG_stdin64, seed={14887,25491,7271,29604}
length= 128 gigabytes (2^37 bytes), time= 930 seconds
  Test Name                         Raw       Processed     Evaluation
  [Low16/64]DC6-9x1Bytes-1          R=  -4.7  p =1-2.9e-3   unusual          
  ...and 354 test result(s) without anomalies

rng=RNG_stdin64, seed={14887,25491,7271,29604}
length= 256 gigabytes (2^38 bytes), time= 1847 seconds
  no anomalies in 369 test result(s)

rng=RNG_stdin64, seed={14887,25491,7271,29604}
length= 512 gigabytes (2^39 bytes), time= 3737 seconds
  no anomalies in 383 test result(s)

rng=RNG_stdin64, seed={14887,25491,7271,29604}
length= 1 terabyte (2^40 bytes), time= 7501 seconds
  no anomalies in 397 test result(s)

Sa 19 Sep 2026 23:44:48 CEST


So 20 Sep 2026 06:08:31 CEST
repetition 1/3 MersenneTwister64:
command line: "../../molConv -tD -g MersenneTwister64 -s {6637,6646,22291,15900}"
RNG_test using PractRand version 0.94
RNG = RNG_stdin64, seed = {6637,6646,22291,15900}
test set = core, folding = standard (64 bit)

rng=RNG_stdin64, seed={6637,6646,22291,15900}
length= 256 megabytes (2^28 bytes), time= 2.0 seconds
  Test Name                         Raw       Processed     Evaluation
  Gap-16:A                          R=  -4.3  p =1-5.2e-4   unusual          
  ...and 209 test result(s) without anomalies

rng=RNG_stdin64, seed={6637,6646,22291,15900}
length= 512 megabytes (2^29 bytes), time= 4.0 seconds
  no anomalies in 226 test result(s)

rng=RNG_stdin64, seed={6637,6646,22291,15900}
length= 1 gigabyte (2^30 bytes), time= 7.5 seconds
  no anomalies in 243 test result(s)

rng=RNG_stdin64, seed={6637,6646,22291,15900}
length= 2 gigabytes (2^31 bytes), time= 14.5 seconds
  no anomalies in 261 test result(s)

rng=RNG_stdin64, seed={6637,6646,22291,15900}
length= 4 gigabytes (2^32 bytes), time= 28.2 seconds
  no anomalies in 277 test result(s)

rng=RNG_stdin64, seed={6637,6646,22291,15900}
length= 8 gigabytes (2^33 bytes), time= 59.0 seconds
  no anomalies in 294 test result(s)

rng=RNG_stdin64, seed={6637,6646,22291,15900}
length= 16 gigabytes (2^34 bytes), time= 121 seconds
  no anomalies in 310 test result(s)

rng=RNG_stdin64, seed={6637,6646,22291,15900}
length= 32 gigabytes (2^35 bytes), time= 236 seconds
  no anomalies in 325 test result(s)

rng=RNG_stdin64, seed={6637,6646,22291,15900}
length= 64 gigabytes (2^36 bytes), time= 470 seconds
  no anomalies in 340 test result(s)

rng=RNG_stdin64, seed={6637,6646,22291,15900}
length= 128 gigabytes (2^37 bytes), time= 938 seconds
  no anomalies in 355 test result(s)

So 20 Sep 2026 06:24:10 CEST


So 20 Sep 2026 07:05:53 CEST
repetition 2/3 MersenneTwister64:
command line: "../../molConv -tD -g MersenneTwister64 -s {25091,18694,9156,3812}"
RNG_test using PractRand version 0.94
RNG = RNG_stdin64, seed = {25091,18694,9156,3812}
test set = core, folding = standard (64 bit)

rng=RNG_stdin64, seed={25091,18694,9156,3812}
length= 256 megabytes (2^28 bytes), time= 2.3 seconds
  no anomalies in 210 test result(s)

rng=RNG_stdin64, seed={25091,18694,9156,3812}
length= 512 megabytes (2^29 bytes), time= 4.5 seconds
  no anomalies in 226 test result(s)

rng=RNG_stdin64, seed={25091,18694,9156,3812}
length= 1 gigabyte (2^30 bytes), time= 8.4 seconds
  no anomalies in 243 test result(s)

rng=RNG_stdin64, seed={25091,18694,9156,3812}
length= 2 gigabytes (2^31 bytes), time= 16.2 seconds
  no anomalies in 261 test result(s)

rng=RNG_stdin64, seed={25091,18694,9156,3812}
length= 4 gigabytes (2^32 bytes), time= 30.7 seconds
  no anomalies in 277 test result(s)

rng=RNG_stdin64, seed={25091,18694,9156,3812}
length= 8 gigabytes (2^33 bytes), time= 60.3 seconds
  no anomalies in 294 test result(s)

rng=RNG_stdin64, seed={25091,18694,9156,3812}
length= 16 gigabytes (2^34 bytes), time= 120 seconds
  no anomalies in 310 test result(s)

rng=RNG_stdin64, seed={25091,18694,9156,3812}
length= 32 gigabytes (2^35 bytes), time= 235 seconds
  no anomalies in 325 test result(s)

rng=RNG_stdin64, seed={25091,18694,9156,3812}
length= 64 gigabytes (2^36 bytes), time= 470 seconds
  no anomalies in 340 test result(s)

rng=RNG_stdin64, seed={25091,18694,9156,3812}
length= 128 gigabytes (2^37 bytes), time= 940 seconds
  no anomalies in 355 test result(s)

So 20 Sep 2026 07:21:33 CEST


So 20 Sep 2026 08:03:22 CEST
repetition 3/3 MersenneTwister64:
command line: "../../molConv -tD -g MersenneTwister64 -s {26937,14611,2845,11960}"
RNG_test using PractRand version 0.94
RNG = RNG_stdin64, seed = {26937,14611,2845,11960}
test set = core, folding = standard (64 bit)

rng=RNG_stdin64, seed={26937,14611,2845,11960}
length= 256 megabytes (2^28 bytes), time= 2.0 seconds
  no anomalies in 210 test result(s)

rng=RNG_stdin64, seed={26937,14611,2845,11960}
length= 512 megabytes (2^29 bytes), time= 4.3 seconds
  no anomalies in 226 test result(s)

rng=RNG_stdin64, seed={26937,14611,2845,11960}
length= 1 gigabyte (2^30 bytes), time= 8.5 seconds
  Test Name                         Raw       Processed     Evaluation
  [Low4/64]BCFN(2+1,13-3,T)         R=  -7.7  p =1-2.5e-4   unusual          
  ...and 242 test result(s) without anomalies

rng=RNG_stdin64, seed={26937,14611,2845,11960}
length= 2 gigabytes (2^31 bytes), time= 16.3 seconds
  Test Name                         Raw       Processed     Evaluation
  BCFN(2+8,13-4,T)                  R=  -8.6  p =1-2.4e-5   unusual          
  ...and 260 test result(s) without anomalies

rng=RNG_stdin64, seed={26937,14611,2845,11960}
length= 4 gigabytes (2^32 bytes), time= 31.9 seconds
  no anomalies in 277 test result(s)

rng=RNG_stdin64, seed={26937,14611,2845,11960}
length= 8 gigabytes (2^33 bytes), time= 62.0 seconds
  no anomalies in 294 test result(s)

rng=RNG_stdin64, seed={26937,14611,2845,11960}
length= 16 gigabytes (2^34 bytes), time= 121 seconds
  no anomalies in 310 test result(s)

rng=RNG_stdin64, seed={26937,14611,2845,11960}
length= 32 gigabytes (2^35 bytes), time= 237 seconds
  no anomalies in 325 test result(s)

rng=RNG_stdin64, seed={26937,14611,2845,11960}
length= 64 gigabytes (2^36 bytes), time= 476 seconds
  no anomalies in 340 test result(s)

rng=RNG_stdin64, seed={26937,14611,2845,11960}
length= 128 gigabytes (2^37 bytes), time= 950 seconds
  no anomalies in 355 test result(s)

So 20 Sep 2026 08:19:13 CEST


So 20 Sep 2026 14:34:21 CEST
repetition 1/1 MersenneTwister64:
command line: "../../molConv -tD -g MersenneTwister64 -s {25199,9637,15155,19795}"
RNG_test using PractRand version 0.94
RNG = RNG_stdin64, seed = {25199,9637,15155,19795}
test set = core, folding = standard (64 bit)

rng=RNG_stdin64, seed={25199,9637,15155,19795}
length= 256 megabytes (2^28 bytes), time= 2.1 seconds
  no anomalies in 210 test result(s)

rng=RNG_stdin64, seed={25199,9637,15155,19795}
length= 512 megabytes (2^29 bytes), time= 4.2 seconds
  no anomalies in 226 test result(s)

rng=RNG_stdin64, seed={25199,9637,15155,19795}
length= 1 gigabyte (2^30 bytes), time= 8.3 seconds
  no anomalies in 243 test result(s)

rng=RNG_stdin64, seed={25199,9637,15155,19795}
length= 2 gigabytes (2^31 bytes), time= 15.2 seconds
  no anomalies in 261 test result(s)

rng=RNG_stdin64, seed={25199,9637,15155,19795}
length= 4 gigabytes (2^32 bytes), time= 29.2 seconds
  no anomalies in 277 test result(s)

rng=RNG_stdin64, seed={25199,9637,15155,19795}
length= 8 gigabytes (2^33 bytes), time= 59.3 seconds
  no anomalies in 294 test result(s)

So 20 Sep 2026 14:35:21 CEST


