Sa 19 Sep 2026 18:21:37 CEST
repetition 1/1 Wyhash64:
command line: "../../molConv -tD -g Wyhash64 -s {29256,431,2566,28031}"
RNG_test using PractRand version 0.94
RNG = RNG_stdin64, seed = {29256,431,2566,28031}
test set = core, folding = standard (64 bit)

rng=RNG_stdin64, seed={29256,431,2566,28031}
length= 256 megabytes (2^28 bytes), time= 2.5 seconds
  no anomalies in 210 test result(s)

rng=RNG_stdin64, seed={29256,431,2566,28031}
length= 512 megabytes (2^29 bytes), time= 4.9 seconds
  no anomalies in 226 test result(s)

rng=RNG_stdin64, seed={29256,431,2566,28031}
length= 1 gigabyte (2^30 bytes), time= 9.7 seconds
  no anomalies in 243 test result(s)

rng=RNG_stdin64, seed={29256,431,2566,28031}
length= 2 gigabytes (2^31 bytes), time= 18.6 seconds
  no anomalies in 261 test result(s)

rng=RNG_stdin64, seed={29256,431,2566,28031}
length= 4 gigabytes (2^32 bytes), time= 35.5 seconds
  no anomalies in 277 test result(s)

rng=RNG_stdin64, seed={29256,431,2566,28031}
length= 8 gigabytes (2^33 bytes), time= 70.1 seconds
  no anomalies in 294 test result(s)

rng=RNG_stdin64, seed={29256,431,2566,28031}
length= 16 gigabytes (2^34 bytes), time= 138 seconds
  Test Name                         Raw       Processed     Evaluation
  [Low1/64]mod3n(5):(11,9-6)        R= +14.5  p =  8.4e-6   unusual          
  ...and 309 test result(s) without anomalies

rng=RNG_stdin64, seed={29256,431,2566,28031}
length= 32 gigabytes (2^35 bytes), time= 272 seconds
  no anomalies in 325 test result(s)

rng=RNG_stdin64, seed={29256,431,2566,28031}
length= 64 gigabytes (2^36 bytes), time= 547 seconds
  no anomalies in 340 test result(s)

rng=RNG_stdin64, seed={29256,431,2566,28031}
length= 128 gigabytes (2^37 bytes), time= 1095 seconds
  no anomalies in 355 test result(s)

Sa 19 Sep 2026 18:39:52 CEST

Sa 19 Sep 2026 19:49:33 CEST
repetition 1/1 Wyhash64:
command line: "../../molConv -tD -g Wyhash64 -s {499,18132,15401,5923}"
RNG_test using PractRand version 0.94
RNG = RNG_stdin64, seed = {499,18132,15401,5923}
test set = core, folding = standard (64 bit)

rng=RNG_stdin64, seed={499,18132,15401,5923}
length= 256 megabytes (2^28 bytes), time= 2.3 seconds
  no anomalies in 210 test result(s)

rng=RNG_stdin64, seed={499,18132,15401,5923}
length= 512 megabytes (2^29 bytes), time= 4.8 seconds
  Test Name                         Raw       Processed     Evaluation
  Gap-16:B                          R=  +5.5  p =  1.0e-4   mildly suspicious
  ...and 225 test result(s) without anomalies

rng=RNG_stdin64, seed={499,18132,15401,5923}
length= 1 gigabyte (2^30 bytes), time= 9.2 seconds
  no anomalies in 243 test result(s)

rng=RNG_stdin64, seed={499,18132,15401,5923}
length= 2 gigabytes (2^31 bytes), time= 17.9 seconds
  no anomalies in 261 test result(s)

rng=RNG_stdin64, seed={499,18132,15401,5923}
length= 4 gigabytes (2^32 bytes), time= 34.4 seconds
  no anomalies in 277 test result(s)

rng=RNG_stdin64, seed={499,18132,15401,5923}
length= 8 gigabytes (2^33 bytes), time= 67.7 seconds
  no anomalies in 294 test result(s)

rng=RNG_stdin64, seed={499,18132,15401,5923}
length= 16 gigabytes (2^34 bytes), time= 135 seconds
  no anomalies in 310 test result(s)

rng=RNG_stdin64, seed={499,18132,15401,5923}
length= 32 gigabytes (2^35 bytes), time= 263 seconds
  no anomalies in 325 test result(s)

rng=RNG_stdin64, seed={499,18132,15401,5923}
length= 64 gigabytes (2^36 bytes), time= 533 seconds
  no anomalies in 340 test result(s)

rng=RNG_stdin64, seed={499,18132,15401,5923}
length= 128 gigabytes (2^37 bytes), time= 1074 seconds
  Test Name                         Raw       Processed     Evaluation
  [Low16/64]BCFN(2+0,13-0,T)        R=  -7.4  p =1-8.7e-4   unusual          
  ...and 354 test result(s) without anomalies

Sa 19 Sep 2026 20:07:28 CEST


So 20 Sep 2026 03:29:23 CEST
repetition 1/1 Wyhash64:
command line: "../../molConv -tD -g Wyhash64 -s {14887,25491,7271,29604}"
RNG_test using PractRand version 0.94
RNG = RNG_stdin64, seed = {14887,25491,7271,29604}
test set = core, folding = standard (64 bit)

rng=RNG_stdin64, seed={14887,25491,7271,29604}
length= 512 megabytes (2^29 bytes), time= 3.4 seconds
  no anomalies in 226 test result(s)

rng=RNG_stdin64, seed={14887,25491,7271,29604}
length= 1 gigabyte (2^30 bytes), time= 6.8 seconds
  no anomalies in 243 test result(s)

rng=RNG_stdin64, seed={14887,25491,7271,29604}
length= 2 gigabytes (2^31 bytes), time= 13.6 seconds
  no anomalies in 261 test result(s)

rng=RNG_stdin64, seed={14887,25491,7271,29604}
length= 4 gigabytes (2^32 bytes), time= 26.5 seconds
  no anomalies in 277 test result(s)

rng=RNG_stdin64, seed={14887,25491,7271,29604}
length= 8 gigabytes (2^33 bytes), time= 52.9 seconds
  no anomalies in 294 test result(s)

rng=RNG_stdin64, seed={14887,25491,7271,29604}
length= 16 gigabytes (2^34 bytes), time= 105 seconds
  no anomalies in 310 test result(s)

rng=RNG_stdin64, seed={14887,25491,7271,29604}
length= 32 gigabytes (2^35 bytes), time= 207 seconds
  no anomalies in 325 test result(s)

rng=RNG_stdin64, seed={14887,25491,7271,29604}
length= 64 gigabytes (2^36 bytes), time= 416 seconds
  no anomalies in 340 test result(s)

rng=RNG_stdin64, seed={14887,25491,7271,29604}
length= 128 gigabytes (2^37 bytes), time= 831 seconds
  no anomalies in 355 test result(s)

rng=RNG_stdin64, seed={14887,25491,7271,29604}
length= 256 gigabytes (2^38 bytes), time= 1638 seconds
  no anomalies in 369 test result(s)

rng=RNG_stdin64, seed={14887,25491,7271,29604}
length= 512 gigabytes (2^39 bytes), time= 3313 seconds
  no anomalies in 383 test result(s)

rng=RNG_stdin64, seed={14887,25491,7271,29604}
length= 1 terabyte (2^40 bytes), time= 6630 seconds
  no anomalies in 397 test result(s)

So 20 Sep 2026 05:19:54 CEST

So 20 Sep 2026 06:51:59 CEST
repetition 1/3 Wyhash64:
command line: "../../molConv -tD -g Wyhash64 -s {6637,6646,22291,15900}"
RNG_test using PractRand version 0.94
RNG = RNG_stdin64, seed = {6637,6646,22291,15900}
test set = core, folding = standard (64 bit)

rng=RNG_stdin64, seed={6637,6646,22291,15900}
length= 256 megabytes (2^28 bytes), time= 2.0 seconds
  no anomalies in 210 test result(s)

rng=RNG_stdin64, seed={6637,6646,22291,15900}
length= 512 megabytes (2^29 bytes), time= 3.9 seconds
  no anomalies in 226 test result(s)

rng=RNG_stdin64, seed={6637,6646,22291,15900}
length= 1 gigabyte (2^30 bytes), time= 7.5 seconds
  no anomalies in 243 test result(s)

rng=RNG_stdin64, seed={6637,6646,22291,15900}
length= 2 gigabytes (2^31 bytes), time= 14.2 seconds
  Test Name                         Raw       Processed     Evaluation
  DC6-9x1Bytes-1                    R=  +6.1  p =  2.1e-3   unusual          
  ...and 260 test result(s) without anomalies

rng=RNG_stdin64, seed={6637,6646,22291,15900}
length= 4 gigabytes (2^32 bytes), time= 27.3 seconds
  no anomalies in 277 test result(s)

rng=RNG_stdin64, seed={6637,6646,22291,15900}
length= 8 gigabytes (2^33 bytes), time= 53.3 seconds
  Test Name                         Raw       Processed     Evaluation
  [Low4/64]DC6-9x1Bytes-1           R=  +5.8  p =  3.6e-3   unusual          
  ...and 293 test result(s) without anomalies

rng=RNG_stdin64, seed={6637,6646,22291,15900}
length= 16 gigabytes (2^34 bytes), time= 106 seconds
  no anomalies in 310 test result(s)

rng=RNG_stdin64, seed={6637,6646,22291,15900}
length= 32 gigabytes (2^35 bytes), time= 208 seconds
  no anomalies in 325 test result(s)

rng=RNG_stdin64, seed={6637,6646,22291,15900}
length= 64 gigabytes (2^36 bytes), time= 418 seconds
  no anomalies in 340 test result(s)

rng=RNG_stdin64, seed={6637,6646,22291,15900}
length= 128 gigabytes (2^37 bytes), time= 833 seconds
  no anomalies in 355 test result(s)

So 20 Sep 2026 07:05:53 CEST


So 20 Sep 2026 07:49:26 CEST
repetition 2/3 Wyhash64:
command line: "../../molConv -tD -g Wyhash64 -s {25091,18694,9156,3812}"
RNG_test using PractRand version 0.94
RNG = RNG_stdin64, seed = {25091,18694,9156,3812}
test set = core, folding = standard (64 bit)

rng=RNG_stdin64, seed={25091,18694,9156,3812}
length= 512 megabytes (2^29 bytes), time= 3.4 seconds
  no anomalies in 226 test result(s)

rng=RNG_stdin64, seed={25091,18694,9156,3812}
length= 1 gigabyte (2^30 bytes), time= 7.0 seconds
  no anomalies in 243 test result(s)

rng=RNG_stdin64, seed={25091,18694,9156,3812}
length= 2 gigabytes (2^31 bytes), time= 13.6 seconds
  Test Name                         Raw       Processed     Evaluation
  Gap-16:A                          R=  +5.2  p =  9.0e-4   unusual          
  ...and 260 test result(s) without anomalies

rng=RNG_stdin64, seed={25091,18694,9156,3812}
length= 4 gigabytes (2^32 bytes), time= 26.6 seconds
  no anomalies in 277 test result(s)

rng=RNG_stdin64, seed={25091,18694,9156,3812}
length= 8 gigabytes (2^33 bytes), time= 53.2 seconds
  no anomalies in 294 test result(s)

rng=RNG_stdin64, seed={25091,18694,9156,3812}
length= 16 gigabytes (2^34 bytes), time= 105 seconds
  no anomalies in 310 test result(s)

rng=RNG_stdin64, seed={25091,18694,9156,3812}
length= 32 gigabytes (2^35 bytes), time= 206 seconds
  no anomalies in 325 test result(s)

rng=RNG_stdin64, seed={25091,18694,9156,3812}
length= 64 gigabytes (2^36 bytes), time= 414 seconds
  no anomalies in 340 test result(s)

rng=RNG_stdin64, seed={25091,18694,9156,3812}
length= 128 gigabytes (2^37 bytes), time= 835 seconds
  no anomalies in 355 test result(s)

So 20 Sep 2026 08:03:22 CEST


So 20 Sep 2026 08:47:04 CEST
repetition 3/3 Wyhash64:
command line: "../../molConv -tD -g Wyhash64 -s {26937,14611,2845,11960}"
RNG_test using PractRand version 0.94
RNG = RNG_stdin64, seed = {26937,14611,2845,11960}
test set = core, folding = standard (64 bit)

rng=RNG_stdin64, seed={26937,14611,2845,11960}
length= 512 megabytes (2^29 bytes), time= 3.5 seconds
  no anomalies in 226 test result(s)

rng=RNG_stdin64, seed={26937,14611,2845,11960}
length= 1 gigabyte (2^30 bytes), time= 6.9 seconds
  no anomalies in 243 test result(s)

rng=RNG_stdin64, seed={26937,14611,2845,11960}
length= 2 gigabytes (2^31 bytes), time= 13.7 seconds
  no anomalies in 261 test result(s)

rng=RNG_stdin64, seed={26937,14611,2845,11960}
length= 4 gigabytes (2^32 bytes), time= 26.7 seconds
  no anomalies in 277 test result(s)

rng=RNG_stdin64, seed={26937,14611,2845,11960}
length= 8 gigabytes (2^33 bytes), time= 53.0 seconds
  no anomalies in 294 test result(s)

rng=RNG_stdin64, seed={26937,14611,2845,11960}
length= 16 gigabytes (2^34 bytes), time= 105 seconds
  no anomalies in 310 test result(s)

rng=RNG_stdin64, seed={26937,14611,2845,11960}
length= 32 gigabytes (2^35 bytes), time= 207 seconds
  no anomalies in 325 test result(s)

rng=RNG_stdin64, seed={26937,14611,2845,11960}
length= 64 gigabytes (2^36 bytes), time= 417 seconds
  no anomalies in 340 test result(s)

rng=RNG_stdin64, seed={26937,14611,2845,11960}
length= 128 gigabytes (2^37 bytes), time= 831 seconds
  no anomalies in 355 test result(s)

So 20 Sep 2026 09:00:56 CEST


So 20 Sep 2026 14:37:10 CEST
repetition 1/1 Wyhash64:
command line: "../../molConv -tD -g Wyhash64 -s {25199,9637,15155,19795}"
RNG_test using PractRand version 0.94
RNG = RNG_stdin64, seed = {25199,9637,15155,19795}
test set = core, folding = standard (64 bit)

rng=RNG_stdin64, seed={25199,9637,15155,19795}
length= 512 megabytes (2^29 bytes), time= 3.4 seconds
  no anomalies in 226 test result(s)

rng=RNG_stdin64, seed={25199,9637,15155,19795}
length= 1 gigabyte (2^30 bytes), time= 7.0 seconds
  no anomalies in 243 test result(s)

rng=RNG_stdin64, seed={25199,9637,15155,19795}
length= 2 gigabytes (2^31 bytes), time= 13.6 seconds
  no anomalies in 261 test result(s)

rng=RNG_stdin64, seed={25199,9637,15155,19795}
length= 4 gigabytes (2^32 bytes), time= 27.5 seconds
  no anomalies in 277 test result(s)

rng=RNG_stdin64, seed={25199,9637,15155,19795}
length= 8 gigabytes (2^33 bytes), time= 54.9 seconds
  no anomalies in 294 test result(s)

So 20 Sep 2026 14:38:05 CEST


