
********************************************************************************
2026-09-22 22:33:08.956117
PractRand test 1/1 generator Wyhash64 with size = 1TB

using random number generator 'Wyhash64'
info: using 2 random hardware seed values
info: got   2 seed values: {0xf29e1f6f,0x5d347a38}

note: stdout set to binary mode!
STREAMING on stdout using Wyhash64 (uniform distributed int64) ... 
RNG_test using PractRand version 0.94
RNG = RNG_stdin64, seed = {0xf29e1f6f,0x5d347a38}
test set = core, folding = standard (64 bit)

rng=RNG_stdin64, seed={0xf29e1f6f,0x5d347a38}
length= 256 megabytes (2^28 bytes), time= 2.7 seconds
  no anomalies in 210 test result(s)

rng=RNG_stdin64, seed={0xf29e1f6f,0x5d347a38}
length= 512 megabytes (2^29 bytes), time= 5.6 seconds
  no anomalies in 226 test result(s)

rng=RNG_stdin64, seed={0xf29e1f6f,0x5d347a38}
length= 1 gigabyte (2^30 bytes), time= 11.0 seconds
  no anomalies in 243 test result(s)

rng=RNG_stdin64, seed={0xf29e1f6f,0x5d347a38}
length= 2 gigabytes (2^31 bytes), time= 20.9 seconds
  no anomalies in 261 test result(s)

rng=RNG_stdin64, seed={0xf29e1f6f,0x5d347a38}
length= 4 gigabytes (2^32 bytes), time= 40.3 seconds
  no anomalies in 277 test result(s)

rng=RNG_stdin64, seed={0xf29e1f6f,0x5d347a38}
length= 8 gigabytes (2^33 bytes), time= 79.9 seconds
  no anomalies in 294 test result(s)

rng=RNG_stdin64, seed={0xf29e1f6f,0x5d347a38}
length= 16 gigabytes (2^34 bytes), time= 161 seconds
  no anomalies in 310 test result(s)

rng=RNG_stdin64, seed={0xf29e1f6f,0x5d347a38}
length= 32 gigabytes (2^35 bytes), time= 313 seconds
  no anomalies in 325 test result(s)

rng=RNG_stdin64, seed={0xf29e1f6f,0x5d347a38}
length= 64 gigabytes (2^36 bytes), time= 631 seconds
  Test Name                         Raw       Processed     Evaluation
  [Low1/64]DC6-9x1Bytes-1           R=  +6.2  p =  2.3e-3   unusual          
  ...and 339 test result(s) without anomalies

rng=RNG_stdin64, seed={0xf29e1f6f,0x5d347a38}
length= 128 gigabytes (2^37 bytes), time= 1263 seconds
  no anomalies in 355 test result(s)

rng=RNG_stdin64, seed={0xf29e1f6f,0x5d347a38}
length= 256 gigabytes (2^38 bytes), time= 2486 seconds
  no anomalies in 369 test result(s)

rng=RNG_stdin64, seed={0xf29e1f6f,0x5d347a38}
length= 512 gigabytes (2^39 bytes), time= 5146 seconds
  no anomalies in 383 test result(s)

rng=RNG_stdin64, seed={0xf29e1f6f,0x5d347a38}
length= 1 terabyte (2^40 bytes), time= 10125 seconds
  no anomalies in 396 test result(s)


********************************************************************************
2026-09-23 01:21:54.109659
PractRand test 1/1 generator Wyhash64 with size = 1TB
done in 10125.0 seconds, result = SUCCESS
